#
# Packages
#
pkg   autoconf
pkg   automake
pkg   libtool
pkg   libtool-bin,-
pkg   pkg-config
pkg   gawk
pkg   gdebi-core,-
pkg   curl
pkg   git,-
pkg   gitk,-
pkg   tk,tcl
pkg   vim-gtk,gvim
pkg   g++-multilib,gcc-libs-multilib
pkg   btrfs-tools,btrfs-progs
pkg   htop
pkg   tree
pkg   python-setuptools
pkg   python3-setuptools,-
pkg   zsh
pkg   terminator
pkg   wget
pkg   openssl
pkg   libyaml-dev,libyaml
pkg   subversion
pkg   exuberant-ctags,ctags
pkg   cscope
pkg   apt-file,-
pkg   cmake
pkg   ninja-build,ninja
pkg   unzip
pkg   pv
pkg   openssh-server,openssh
pkg   libpython-dev,-
pkg   libpython3-dev,-
pkg   gawk
pkg   git-gui,-
pkg   ccache
pkg   valgrind
pkg   python-matplotlib
pkg   libncurses5-dev,ncurses
pkg   libssl-dev,-
#pkg   build-essential,base-devel
pkg   build-essential,-
pkg   lib32z1,lib32-zlib
pkg   lib32z1-dev,-
pkg   nemiver
pkg   wine
pkg   samba
pkg   xorg-xdpyinfo
pkg   picocom

#
# EASY_INSTALL
#
eins  pip


#
# EASY_INSTALL3
#
eins3 pip


#
# PIP
#
pip   jira
pip   speedtest-cli 

#
# PIP3
#
pip3  pyyaml


#
# Others
#
cmd   [ $myenvDistro = 'debian' ] && [ ! -f ~/.cache/.myenv-aptfile-up ] && apt-file update && touch ~/.cache/.myenv-aptfile-up

